[0m13:27:03.373268 [debug] [MainThread]: Sending event: {'category': 'dbt', 'action': 'invocation', 'label': 'start', 'context': [<snowplow_tracker.self_describing_json.SelfDescribingJson object at 0x00000246278027B0>, <snowplow_tracker.self_describing_json.SelfDescribingJson object at 0x0000024629E13ED0>, <snowplow_tracker.self_describing_json.SelfDescribingJson object at 0x0000024629E13B10>]}


============================== 13:27:03.387134 | 18350f6c-7f76-4344-8715-4f48f78781ed ==============================
[0m13:27:03.387134 [info ] [MainThread]: Running with dbt=1.12.5
[0m13:27:03.388534 [debug] [MainThread]: running dbt with arguments {'version_check': 'True', 'no_print': 'None', 'maximum_seed_size_mib': '1', 'target_path': 'None', 'warn_error_options': 'WarnErrorOptionsV2(error=[], warn=[], silence=[])', 'static_parser': 'True', 'printer_width': '80', 'write_json': 'True', 'introspect': 'True', 'log_cache_events': 'False', 'empty': 'None', 'cache_selected_only': 'False', 'fail_fast': 'False', 'debug': 'False', 'log_format': 'default', 'profiles_dir': 'C:\\Users\\lisay\\.dbt', 'send_anonymous_usage_stats': 'True', 'quiet': 'False', 'warn_error': 'None', 'partial_parse': 'True', 'use_colors': 'True', 'hints_enabled': 'True', 'indirect_selection': 'eager', 'use_experimental_parser': 'False', 'invocation_command': 'dbt init', 'log_path': 'logs'}
[0m13:27:36.291148 [debug] [MainThread]: Starter project path: C:\Users\lisay\Documents\7.Data_warehouse_Lifecycle\data-warehouse-lifecycle\.venv\Lib\site-packages\dbt\include\starter_project
[0m13:27:36.331601 [info ] [MainThread]: Setting up your profile.
[0m13:27:44.148616 [debug] [MainThread]: Snowflake adapter: Setting snowflake.connector to ERROR (file logging only)
[0m13:27:44.149721 [debug] [MainThread]: Snowflake adapter: Setting botocore to ERROR (file logging only)
[0m13:27:44.150466 [debug] [MainThread]: Snowflake adapter: Setting boto3 to ERROR (file logging only)
[0m13:35:45.456422 [info ] [MainThread]: Profile dbt_code written to C:\Users\lisay\.dbt\profiles.yml using target's profile_template.yml and your supplied values.
[0m13:35:45.479132 [info ] [MainThread]: Running dbt debug to validate the project...
[0m13:35:45.484936 [info ] [MainThread]: dbt version: 1.12.5
[0m13:35:45.486400 [info ] [MainThread]: python version: 3.13.7
[0m13:35:45.487688 [info ] [MainThread]: python path: C:\Users\lisay\Documents\7.Data_warehouse_Lifecycle\data-warehouse-lifecycle\.venv\Scripts\python.exe
[0m13:35:45.488977 [info ] [MainThread]: os info: Windows-11-10.0.26200-SP0
[0m13:35:45.786001 [info ] [MainThread]: Using profiles dir at C:\Users\lisay\.dbt
[0m13:35:45.787384 [info ] [MainThread]: Using profiles.yml file at C:\Users\lisay\.dbt\profiles.yml
[0m13:35:45.788368 [info ] [MainThread]: Using dbt_project.yml file at C:\Users\lisay\Documents\7.Data_warehouse_Lifecycle\data-warehouse-lifecycle\code_along\09_setup_dbt_inclass\dbt_code\dbt_project.yml
[0m13:35:45.791702 [info ] [MainThread]: adapter type: snowflake
[0m13:35:45.792664 [info ] [MainThread]: adapter version: 1.12.1
[0m13:35:46.142238 [info ] [MainThread]: Configuration:
[0m13:35:46.143602 [info ] [MainThread]:   profiles.yml file [[32mOK found and valid[0m]
[0m13:35:46.144556 [info ] [MainThread]:   dbt_project.yml file [[32mOK found and valid[0m]
[0m13:35:46.145553 [info ] [MainThread]: Required dependencies:
[0m13:35:46.147198 [debug] [MainThread]: Executing "git --help"
[0m13:35:46.211420 [debug] [MainThread]: STDOUT: "b"usage: git [-v | --version] [-h | --help] [-C <path>] [-c <name>=<value>]\n           [--exec-path[=<path>]] [--html-path] [--man-path] [--info-path]\n           [-p | --paginate | -P | --no-pager] [--no-replace-objects] [--no-lazy-fetch]\n           [--no-optional-locks] [--no-advice] [--bare] [--git-dir=<path>]\n           [--work-tree=<path>] [--namespace=<name>] [--config-env=<name>=<envvar>]\n           <command> [<args>]\n\nThese are common Git commands used in various situations:\n\nstart a working area (see also: git help tutorial)\n   clone      Clone a repository into a new directory\n   init       Create an empty Git repository or reinitialize an existing one\n\nwork on the current change (see also: git help everyday)\n   add        Add file contents to the index\n   mv         Move or rename a file, a directory, or a symlink\n   restore    Restore working tree files\n   rm         Remove files from the working tree and from the index\n\nexamine the history and state (see also: git help revisions)\n   bisect     Use binary search to find the commit that introduced a bug\n   diff       Show changes between commits, commit and working tree, etc\n   grep       Print lines matching a pattern\n   log        Show commit logs\n   show       Show various types of objects\n   status     Show the working tree status\n\ngrow, mark and tweak your common history\n   backfill   Download missing objects in a partial clone\n   branch     List, create, or delete branches\n   commit     Record changes to the repository\n   merge      Join two or more development histories together\n   rebase     Reapply commits on top of another base tip\n   reset      Reset current HEAD to the specified state\n   switch     Switch branches\n   tag        Create, list, delete or verify a tag object signed with GPG\n\ncollaborate (see also: git help workflows)\n   fetch      Download objects and refs from another repository\n   pull       Fetch from and integrate with another repository or a local branch\n   push       Update remote refs along with associated objects\n\n'git help -a' and 'git help -g' list available subcommands and some\nconcept guides. See 'git help <command>' or 'git help <concept>'\nto read about a specific subcommand or concept.\nSee 'git help git' for an overview of the system.\n""
[0m13:35:46.214110 [debug] [MainThread]: STDERR: "b''"
[0m13:35:46.215129 [info ] [MainThread]:  - git [[32mOK found[0m]

[0m13:35:46.216203 [info ] [MainThread]: Connection:
[0m13:35:46.217411 [info ] [MainThread]:   account: rt75961.west-europe
[0m13:35:46.218454 [info ] [MainThread]:   user: extract_loader
[0m13:35:46.219583 [info ] [MainThread]:   database: job_ads
[0m13:35:46.220623 [info ] [MainThread]:   warehouse: dev_wh
[0m13:35:46.221586 [info ] [MainThread]:   role: job_ads_dbt_role
[0m13:35:46.222613 [info ] [MainThread]:   schema: staging
[0m13:35:46.223612 [info ] [MainThread]:   authenticator: None
[0m13:35:46.224536 [info ] [MainThread]:   oauth_client_id: None
[0m13:35:46.225508 [info ] [MainThread]:   query_tag: None
[0m13:35:46.226422 [info ] [MainThread]:   client_session_keep_alive: False
[0m13:35:46.227354 [info ] [MainThread]:   host: None
[0m13:35:46.228484 [info ] [MainThread]:   port: None
[0m13:35:46.229520 [info ] [MainThread]:   proxy_host: None
[0m13:35:46.230448 [info ] [MainThread]:   proxy_port: None
[0m13:35:46.231364 [info ] [MainThread]:   protocol: None
[0m13:35:46.232314 [info ] [MainThread]:   connect_retries: 1
[0m13:35:46.233372 [info ] [MainThread]:   connect_timeout: None
[0m13:35:46.234648 [info ] [MainThread]:   retry_on_database_errors: False
[0m13:35:46.235693 [info ] [MainThread]:   retry_all: False
[0m13:35:46.236739 [info ] [MainThread]:   insecure_mode: False
[0m13:35:46.237850 [info ] [MainThread]:   reuse_connections: True
[0m13:35:46.238970 [info ] [MainThread]:   s3_stage_vpce_dns_name: None
[0m13:35:46.239978 [info ] [MainThread]:   workload_identity_provider: None
[0m13:35:46.240915 [info ] [MainThread]:   workload_identity_entra_resource: None
[0m13:35:46.241889 [info ] [MainThread]:   platform_detection_timeout_seconds: 0.0
[0m13:35:46.244727 [info ] [MainThread]: Registered adapter: snowflake=1.12.1
[0m13:35:47.645694 [debug] [MainThread]: Acquiring new snowflake connection 'debug'
[0m13:35:47.655112 [debug] [MainThread]: Using snowflake connection "debug"
[0m13:35:47.656264 [debug] [MainThread]: On debug: select 1 as id
[0m13:35:47.657339 [debug] [MainThread]: Opening a new connection, currently in state init
[0m13:35:50.855860 [debug] [MainThread]: Snowflake adapter: Error running SQL: select 1 as id
[0m13:35:50.857138 [debug] [MainThread]: Snowflake adapter: Rolling back transaction.
[0m13:35:50.858098 [info ] [MainThread]:   Connection test: [[31mERROR[0m]

[0m13:35:50.859133 [info ] [MainThread]: [31m1 check failed:[0m
[0m13:35:50.860261 [info ] [MainThread]: dbt was unable to connect to the specified database.
The database returned the following error:

  >Database Error
  250001: Could not connect to Snowflake backend after 2 attempt(s).Aborting
  Verify that the hostnames and port numbers in SYSTEM$ALLOWLIST are added to your firewall's allowed list.
  To further troubleshoot your connection you may reference the following article: https://docs.snowflake.com/en/user-guide/client-connectivity-troubleshooting/overview.

Check your database credentials and try again. For more information, visit:
https://docs.getdbt.com/docs/configure-your-profile


[0m13:35:50.864260 [info ] [MainThread]: Your new dbt project "dbt_code" was created!
Initialized new project in C:\Users\lisay\Documents\7.Data_warehouse_Lifecycle\data-warehouse-lifecycle\code_along\09_setup_dbt_inclass\dbt_code\dbt_code

For more information on how to configure the profiles.yml file,
please consult the dbt documentation here:

  https://docs.getdbt.com/docs/configure-your-profile

One more thing:

Need help? Don't hesitate to reach out to us via GitHub issues or on Slack:

  https://community.getdbt.com/

Happy modeling!

[0m13:35:50.865542 [info ] [MainThread]: [31mYour profile may need adjustments. You can find the logs of `dbt debug` above[0m
[0m13:35:50.872518 [debug] [MainThread]: Command `dbt init` succeeded at 13:35:50.869771 after 527.96 seconds
[0m13:35:50.876509 [debug] [MainThread]: Connection 'debug' was left open.
[0m13:35:50.877388 [debug] [MainThread]: On debug: No close available on handle
[0m13:35:50.880626 [debug] [MainThread]: Sending event: {'category': 'dbt', 'action': 'invocation', 'label': 'end', 'context': [<snowplow_tracker.self_describing_json.SelfDescribingJson object at 0x0000024644FADBA0>, <snowplow_tracker.self_describing_json.SelfDescribingJson object at 0x0000024643A5AC30>, <snowplow_tracker.self_describing_json.SelfDescribingJson object at 0x0000024643961590>]}
[0m13:35:50.882697 [debug] [MainThread]: Flushing usage events
[0m13:35:52.214413 [debug] [MainThread]: An error was encountered while trying to flush usage events
